2025-04-10 15:24:46.472412 - Received SBGOLOB.CBT509.FILE433 from FILE433.XMI 
2025-04-10 15:24:46.476646 - Found $$$#DATE.txt (text/plain) in SBGOLOB.CBT509.FILE433, moved to PDS/$$$#DATE
2025-04-10 15:24:46.477082 - Found $EXAMPLE.txt (text/plain) in SBGOLOB.CBT509.FILE433, moved to PDS/$EXAMPLE
2025-04-10 15:24:46.477353 - Found #INDEX.txt (text/plain) in SBGOLOB.CBT509.FILE433, moved to PDS/#INDEX
2025-04-10 15:24:46.477482 - Found @@README.txt (text/plain) in SBGOLOB.CBT509.FILE433, moved to PDS/@@README
2025-04-10 15:24:46.477852 - Found @FILE433.txt (text/plain) in SBGOLOB.CBT509.FILE433, moved to PDS/@FILE433
2025-04-10 15:24:46.478262 - Found ACQ.rexx (text/plain) in SBGOLOB.CBT509.FILE433, moved to PDS/ACQ
2025-04-10 15:24:46.478437 - Found ADDCMDS.rexx (text/plain) in SBGOLOB.CBT509.FILE433, moved to PDS/ADDCMDS
2025-04-10 15:24:46.478625 - Found ALIST.rexx (text/plain) in SBGOLOB.CBT509.FILE433, moved to PDS/ALIST
2025-04-10 15:24:46.478793 - Found ATTACH.rexx (text/plain) in SBGOLOB.CBT509.FILE433, moved to PDS/ATTACH
2025-04-10 15:24:46.479162 - Found BLOX.rexx (text/plain) in SBGOLOB.CBT509.FILE433, moved to PDS/BLOX
2025-04-10 15:24:46.479387 - Found CMDUPD.rexx (text/plain) in SBGOLOB.CBT509.FILE433, moved to PDS/CMDUPD
2025-04-10 15:24:46.479461 - Found COMBINE.rexx (text/plain) in SBGOLOB.CBT509.FILE433, moved to PDS/COMBINE
2025-04-10 15:24:46.479528 - Found COMMANDS.rexx (text/plain) in SBGOLOB.CBT509.FILE433, moved to PDS/COMMANDS
2025-04-10 15:24:46.479708 - Found DEIMBED.txt (text/plain) in SBGOLOB.CBT509.FILE433, moved to PDS/DEIMBED
2025-04-10 15:24:46.479887 - Found DFLTTLIB.rexx (text/plain) in SBGOLOB.CBT509.FILE433, moved to PDS/DFLTTLIB
2025-04-10 15:24:46.479977 - Found DIRSTATS.rexx (text/plain) in SBGOLOB.CBT509.FILE433, moved to PDS/DIRSTATS
2025-04-10 15:24:46.480037 - Found DSPROF.rexx (text/plain) in SBGOLOB.CBT509.FILE433, moved to PDS/DSPROF
2025-04-10 15:24:46.480229 - Found DSVCSI.rexx (text/plain) in SBGOLOB.CBT509.FILE433, moved to PDS/DSVCSI
2025-04-10 15:24:46.480336 - Found DUP.rexx (text/plain) in SBGOLOB.CBT509.FILE433, moved to PDS/DUP
2025-04-10 15:24:46.480399 - Found EDBR.rexx (text/plain) in SBGOLOB.CBT509.FILE433, moved to PDS/EDBR
2025-04-10 15:24:46.480490 - Found FCCMDUPD.rexx (text/plain) in SBGOLOB.CBT509.FILE433, moved to PDS/FCCMDUPD
2025-04-10 15:24:46.480786 - Found FCXREF.rexx (text/plain) in SBGOLOB.CBT509.FILE433, moved to PDS/FCXREF
2025-04-10 15:24:46.480926 - Found FIRSTIME.rexx (text/plain) in SBGOLOB.CBT509.FILE433, moved to PDS/FIRSTIME
2025-04-10 15:24:46.481020 - Found FIXSTATS.rexx (text/plain) in SBGOLOB.CBT509.FILE433, moved to PDS/FIXSTATS
2025-04-10 15:24:46.481083 - Found FIXTBL.rexx (text/plain) in SBGOLOB.CBT509.FILE433, moved to PDS/FIXTBL
2025-04-10 15:24:46.481173 - Found FLTTBL.rexx (text/plain) in SBGOLOB.CBT509.FILE433, moved to PDS/FLTTBL
2025-04-10 15:24:46.481256 - Found FSMSG.rexx (text/plain) in SBGOLOB.CBT509.FILE433, moved to PDS/FSMSG
2025-04-10 15:24:46.481329 - Found GENCARD.rexx (text/plain) in SBGOLOB.CBT509.FILE433, moved to PDS/GENCARD
2025-04-10 15:24:46.481387 - Found GETIA.rexx (text/plain) in SBGOLOB.CBT509.FILE433, moved to PDS/GETIA
2025-04-10 15:24:46.481448 - Found ICEUSER.rexx (text/plain) in SBGOLOB.CBT509.FILE433, moved to PDS/ICEUSER
2025-04-10 15:24:46.481598 - Found IDENT.rexx (text/plain) in SBGOLOB.CBT509.FILE433, moved to PDS/IDENT
2025-04-10 15:24:46.481771 - Found ISOLATE.rexx (text/plain) in SBGOLOB.CBT509.FILE433, moved to PDS/ISOLATE
2025-04-10 15:24:46.482124 - Found JFORM.rexx (text/plain) in SBGOLOB.CBT509.FILE433, moved to PDS/JFORM
2025-04-10 15:24:46.482222 - Found JOBCARDS.rexx (text/plain) in SBGOLOB.CBT509.FILE433, moved to PDS/JOBCARDS
2025-04-10 15:24:46.482312 - Found alias KBR to KED in SBGOLOB.CBT509.FILE433, moved to PDS/KBR
2025-04-10 15:24:46.482430 - Found KED.rexx (text/plain) in SBGOLOB.CBT509.FILE433, moved to PDS/KED
2025-04-10 15:24:46.482480 - Found alias KVW to KED in SBGOLOB.CBT509.FILE433, moved to PDS/KVW
2025-04-10 15:24:46.482629 - Found LA.rexx (text/plain) in SBGOLOB.CBT509.FILE433, moved to PDS/LA
2025-04-10 15:24:46.482892 - Found LDOW.rexx (text/plain) in SBGOLOB.CBT509.FILE433, moved to PDS/LDOW
2025-04-10 15:24:46.483120 - Found LISTCSUM.rexx (text/plain) in SBGOLOB.CBT509.FILE433, moved to PDS/LISTCSUM
2025-04-10 15:24:46.483262 - Found LOADKEYS.rexx (text/plain) in SBGOLOB.CBT509.FILE433, moved to PDS/LOADKEYS
2025-04-10 15:24:46.483351 - Found MAKEPARA.rexx (text/plain) in SBGOLOB.CBT509.FILE433, moved to PDS/MAKEPARA
2025-04-10 15:24:46.483467 - Found MDEL.rexx (text/plain) in SBGOLOB.CBT509.FILE433, moved to PDS/MDEL
2025-04-10 15:24:46.483559 - Found MEMBERS.rexx (text/plain) in SBGOLOB.CBT509.FILE433, moved to PDS/MEMBERS
2025-04-10 15:24:46.483729 - Found MEMIDX.rexx (text/plain) in SBGOLOB.CBT509.FILE433, moved to PDS/MEMIDX
2025-04-10 15:24:46.484045 - Found MIGRATE.rexx (text/plain) in SBGOLOB.CBT509.FILE433, moved to PDS/MIGRATE
2025-04-10 15:24:46.484104 - Found MREN.rexx (text/plain) in SBGOLOB.CBT509.FILE433, moved to PDS/MREN
2025-04-10 15:24:46.484163 - Found MTHLIM.rexx (text/plain) in SBGOLOB.CBT509.FILE433, moved to PDS/MTHLIM
2025-04-10 15:24:46.484221 - Found NOOP.rexx (text/plain) in SBGOLOB.CBT509.FILE433, moved to PDS/NOOP
2025-04-10 15:24:46.484278 - Found OUTDENTS.rexx (text/plain) in SBGOLOB.CBT509.FILE433, moved to PDS/OUTDENTS
2025-04-10 15:24:46.484337 - Found PACKING.txt (text/plain) in SBGOLOB.CBT509.FILE433, moved to PDS/PACKING
2025-04-10 15:24:46.484422 - Found PDSCOPYD.rexx (text/plain) in SBGOLOB.CBT509.FILE433, moved to PDS/PDSCOPYD
2025-04-10 15:24:46.484524 - Found PDS2SEQ.rexx (text/plain) in SBGOLOB.CBT509.FILE433, moved to PDS/PDS2SEQ
2025-04-10 15:24:46.484582 - Found PERMCLAS.rexx (text/plain) in SBGOLOB.CBT509.FILE433, moved to PDS/PERMCLAS
2025-04-10 15:24:46.484665 - Found POPINDX.rexx (text/plain) in SBGOLOB.CBT509.FILE433, moved to PDS/POPINDX
2025-04-10 15:24:46.484830 - Found POSIT.rexx (text/plain) in SBGOLOB.CBT509.FILE433, moved to PDS/POSIT
2025-04-10 15:24:46.485032 - Found PROFILES.rexx (text/plain) in SBGOLOB.CBT509.FILE433, moved to PDS/PROFILES
2025-04-10 15:24:46.485147 - Found PROFVARS.rexx (text/plain) in SBGOLOB.CBT509.FILE433, moved to PDS/PROFVARS
2025-04-10 15:24:46.485234 - Found QPWEXP.rexx (text/plain) in SBGOLOB.CBT509.FILE433, moved to PDS/QPWEXP
2025-04-10 15:24:46.485393 - Found RDSPLAIN.txt (text/plain) in SBGOLOB.CBT509.FILE433, moved to PDS/RDSPLAIN
2025-04-10 15:24:46.485459 - Found REALIAS.rexx (text/plain) in SBGOLOB.CBT509.FILE433, moved to PDS/REALIAS
2025-04-10 15:24:46.485552 - Found REXXIA.rexx (text/plain) in SBGOLOB.CBT509.FILE433, moved to PDS/REXXIA
2025-04-10 15:24:46.485615 - Found REXXSKEL.rexx (text/plain) in SBGOLOB.CBT509.FILE433, moved to PDS/REXXSKEL
2025-04-10 15:24:46.485697 - Found RSTTBL.rexx (text/plain) in SBGOLOB.CBT509.FILE433, moved to PDS/RSTTBL
2025-04-10 15:24:46.486058 - Found RUNDATA.rexx (text/plain) in SBGOLOB.CBT509.FILE433, moved to PDS/RUNDATA
2025-04-10 15:24:46.486125 - Found SAYVAR.rexx (text/plain) in SBGOLOB.CBT509.FILE433, moved to PDS/SAYVAR
2025-04-10 15:24:46.486213 - Found SCHED.rexx (text/plain) in SBGOLOB.CBT509.FILE433, moved to PDS/SCHED
2025-04-10 15:24:46.486295 - Found SCRAM.rexx (text/plain) in SBGOLOB.CBT509.FILE433, moved to PDS/SCRAM
2025-04-10 15:24:46.486347 - Found alias SEESTATS to FIXSTATS in SBGOLOB.CBT509.FILE433, moved to PDS/SEESTATS
2025-04-10 15:24:46.486462 - Found SEIZE.rexx (text/plain) in SBGOLOB.CBT509.FILE433, moved to PDS/SEIZE
2025-04-10 15:24:46.486519 - Found SELMATCH.rexx (text/plain) in SBGOLOB.CBT509.FILE433, moved to PDS/SELMATCH
2025-04-10 15:24:46.487000 - Found SEQ2PDS.rexx (text/plain) in SBGOLOB.CBT509.FILE433, moved to PDS/SEQ2PDS
2025-04-10 15:24:46.487110 - Found SETALIAS.rexx (text/plain) in SBGOLOB.CBT509.FILE433, moved to PDS/SETALIAS
2025-04-10 15:24:46.487167 - Found SETEPROF.rexx (text/plain) in SBGOLOB.CBT509.FILE433, moved to PDS/SETEPROF
2025-04-10 15:24:46.487334 - Found SETREFS.rexx (text/plain) in SBGOLOB.CBT509.FILE433, moved to PDS/SETREFS
2025-04-10 15:24:46.487395 - Found SHORTRX.rexx (text/plain) in SBGOLOB.CBT509.FILE433, moved to PDS/SHORTRX
2025-04-10 15:24:46.487463 - Found SHOWFLOW.rexx (text/plain) in SBGOLOB.CBT509.FILE433, moved to PDS/SHOWFLOW
2025-04-10 15:24:46.487594 - Found SHOWME.rexx (text/plain) in SBGOLOB.CBT509.FILE433, moved to PDS/SHOWME
2025-04-10 15:24:46.487754 - Found SORTCMDS.rexx (text/plain) in SBGOLOB.CBT509.FILE433, moved to PDS/SORTCMDS
2025-04-10 15:24:46.487811 - Found SQRT.rexx (text/plain) in SBGOLOB.CBT509.FILE433, moved to PDS/SQRT
2025-04-10 15:24:46.487868 - Found alias STAKBROW to STAKEDIT in SBGOLOB.CBT509.FILE433, moved to PDS/STAKBROW
2025-04-10 15:24:46.488035 - Found STAKEDIT.rexx (text/plain) in SBGOLOB.CBT509.FILE433, moved to PDS/STAKEDIT
2025-04-10 15:24:46.488082 - Found alias STAKVIEW to STAKEDIT in SBGOLOB.CBT509.FILE433, moved to PDS/STAKVIEW
2025-04-10 15:24:46.488144 - Found STEPS.rexx (text/plain) in SBGOLOB.CBT509.FILE433, moved to PDS/STEPS
2025-04-10 15:24:46.488204 - Found STRLEN.rexx (text/plain) in SBGOLOB.CBT509.FILE433, moved to PDS/STRLEN
2025-04-10 15:24:46.488263 - Found STRSORT.rexx (text/plain) in SBGOLOB.CBT509.FILE433, moved to PDS/STRSORT
2025-04-10 15:24:46.488360 - Found SUPBR.rexx (text/plain) in SBGOLOB.CBT509.FILE433, moved to PDS/SUPBR
2025-04-10 15:24:46.488572 - Found SUPED.rexx (text/plain) in SBGOLOB.CBT509.FILE433, moved to PDS/SUPED
2025-04-10 15:24:46.488824 - Found SYSAMON.rexx (text/plain) in SBGOLOB.CBT509.FILE433, moved to PDS/SYSAMON
2025-04-10 15:24:46.488938 - Found SYSUMON.rexx (text/plain) in SBGOLOB.CBT509.FILE433, moved to PDS/SYSUMON
2025-04-10 15:24:46.489010 - Found SYSVARS.rexx (text/plain) in SBGOLOB.CBT509.FILE433, moved to PDS/SYSVARS
2025-04-10 15:24:46.489080 - Found S2PTRIM.rexx (text/plain) in SBGOLOB.CBT509.FILE433, moved to PDS/S2PTRIM
2025-04-10 15:24:46.489125 - Found alias TAGSTATS to FIXSTATS in SBGOLOB.CBT509.FILE433, moved to PDS/TAGSTATS
2025-04-10 15:24:46.489226 - Found TBCOPY.rexx (text/plain) in SBGOLOB.CBT509.FILE433, moved to PDS/TBCOPY
2025-04-10 15:24:46.489507 - Found TBLGEN.rexx (text/plain) in SBGOLOB.CBT509.FILE433, moved to PDS/TBLGEN
2025-04-10 15:24:46.489657 - Found TBLMSTR.rexx (text/plain) in SBGOLOB.CBT509.FILE433, moved to PDS/TBLMSTR
2025-04-10 15:24:46.489796 - Found TBLOOK.rexx (text/plain) in SBGOLOB.CBT509.FILE433, moved to PDS/TBLOOK
2025-04-10 15:24:46.489961 - Found TEXAMU.rexx (text/plain) in SBGOLOB.CBT509.FILE433, moved to PDS/TEXAMU
2025-04-10 15:24:46.490087 - Found TRAPOUT.rexx (text/plain) in SBGOLOB.CBT509.FILE433, moved to PDS/TRAPOUT
2025-04-10 15:24:46.490286 - Found UPDSTAT.rexx (text/plain) in SBGOLOB.CBT509.FILE433, moved to PDS/UPDSTAT
2025-04-10 15:24:46.490710 - Found VCX.rexx (text/plain) in SBGOLOB.CBT509.FILE433, moved to PDS/VCX
2025-04-10 15:24:46.490773 - Found VWBR.rexx (text/plain) in SBGOLOB.CBT509.FILE433, moved to PDS/VWBR
2025-04-10 15:24:46.490834 - Found WB.rexx (text/plain) in SBGOLOB.CBT509.FILE433, moved to PDS/WB
2025-04-10 15:24:46.490894 - Found WBNAME.rexx (text/plain) in SBGOLOB.CBT509.FILE433, moved to PDS/WBNAME
